type
subClassOf
subClassOf
disjointWith
disjointWith
type
disjointWith
first
rest
onProperty
someValuesFrom
type
domain
range
type
type
oneOf
comment
type
equivalentClass
intersectionOf
type
minCardinality
type
onProperty
type
inverseOf
domain
range
rest
first
type
differentFrom
differentFrom
hasAccommodation
type
hasPart
hasPart
type
subClassOf
subClassOf
type
type
type
type
subClassOf
subClassOf
type
onProperty
someValuesFrom
domain
range
type
first
rest
type
equivalentClass
comment
first
rest
intersectionOf
type
unionOf
type
first
rest
disjointWith
disjointWith
subClassOf
disjointWith
type
first
rest
disjointWith
subClassOf
disjointWith
type
subClassOf
disjointWith
subClassOf
disjointWith
type
comment
type
disjointWith
subClassOf
type
disjointWith
type
subClassOf
subClassOf
disjointWith
disjointWith
type
disjointWith
subClassOf
type
type
type
disjointWith
disjointWith
type
subClassOf
disjointWith
onProperty
hasValue
type
differentFrom
differentFrom
type
rest
first
someValuesFrom
onProperty
type
type
differentFrom
differentFrom
type
equivalentClass
comment
type
oneOf
range
inverseOf
domain
type
intersectionOf
type
domain
type
range
type
type
rest
first
rest
first
type
someValuesFrom
onProperty
someValuesFrom
type
onProperty
rest
first
first
rest
first
rest
type
onProperty
someValuesFrom
type
onProperty
hasValue
type
onProperty
someValuesFrom
onProperty
hasValue
type
domain
range
type
type
rest
first
type
complementOf
type
disjointWith
subClassOf
type
subClassOf
disjointWith
type
first
rest
type
someValuesFrom
onProperty
rest
first
type
equivalentClass
comment
type
intersectionOf
equivalentClass
comment
type
type
intersectionOf
rest
first
type
onProperty
someValuesFrom
type
subClassOf
subClassOf
subClassOf
type
subClassOf
first
rest
type
onProperty
minCardinality
first
rest
first
rest
type
subClassOf
subClassOf
someValuesFrom
type
onProperty
first
rest
comment
equivalentClass
type
intersectionOf
type
subClassOf
type
comment
type
equivalentClass
intersectionOf
type
rest
first
type
subClassOf
type
type
range
domain
range
domain
type
type
subClassOf
type
subClassOf
subClassOf
type
type
range
type
domain
rest
first
first
rest
first
rest
comment
type
versionInfo
type
type
range
domain
type
subClassOf
type
type
type
subClassOf
type
type
type
